def foo():
    ...
    src_0 = 1.0  # <-- NODE
    ...
def foo():
    ...
    src_1 = 1.0  # <-- NODE
def foo():
    ...
    src_0 = 1.0  # <-- NODE
    ...