def foo(x: i8 @ DRAM):
    for i in seq(0, 5):
        for j in seq(0, 5):  # <-- NODE
            ...

def foo(x: i8 @ DRAM):
    for i in seq(0, 5):  # <-- NODE
        ...