def foo(x: i8 @ DRAM):
    ...
    for i in seq(0, 2):  # <-- NODE
        ...