def foo(n: size):
    x: f32 @ DRAM
    for ii in seq(0, n):
        for i in seq(0, (ii + n / 4 * 4) / 8):
            x = 0.0