def foo(n: size, x: i8[n + 1] @ DRAM):
    for i in seq(0, n + 1):
        x[i] = 0.0
        x[i] += -(1.0 + x[i])
        for j in seq(0, 1):
            if i == j:
                pass
        a: i8[4, 2] @ DRAM
        y = a[1:3, 1:2]
        do_nothing(y)