def foo():
    if 1 < 10:
        a: i8[10] @ DRAM
        a[1] = 0.0