def foo(n: size, y: i8[n] @ DRAM):
    for i in seq(0, n):
        x: i8[5] @ DRAM
        y[i] = 1.0 + x[2]
        a: i8 @ DRAM
        a = 1.0