def foo(n: size, A: i8[n + 3] @ DRAM):
    assert n % 4 == 0
    for io in seq(0, n / 4):
        for ii in seq(0, 7):
            A[ii + 4 * io] = 1.0