def foo():
    if 1 < 10:
        a: i8[10] @ DRAM
        a[1] = 0.0
    else:
        a: i8[10] @ DRAM
        a_1[1] = 1.0