def foo():
    for i in seq(3, 3):
        x: f32 @ DRAM
    for i in seq(3, 5):
        x: f32 @ DRAM