def bar(src: f32[8] @ DRAM):
    dst: f32[8] @ AVX2
    mm256_loadu_ps(dst[0:8], src[0:8])
    for i in seq(0, 8):
        src[i] = dst[i]